
E:\QLJC>git status
On branch develope
Changes not staged for commit:
  (use "git add <file>..." to update what will be committed)
  (use "git checkout -- <file>..." to discard changes in working directory)

        modified:   .idea/workspace.xml
        modified:   package.json
        modified:   public/apps/shell/views/templates/shell.html
        modified:   public/bundle.js

Untracked files:
  (use "git add <file>..." to include in what will be committed)

        npm-debug.log

no changes added to commit (use "git add" and/or "git commit -a")

E:\QLJC>git branch
* develope
  master

E:\QLJC>git branch "new shell"
fatal: 'new shell' is not a valid branch name.

E:\QLJC>git branch "newshell"

E:\QLJC>git checkout newshell
Switched to branch 'newshell'
M       .idea/workspace.xml
M       package.json
M       public/apps/shell/views/templates/shell.html
M       public/bundle.js

E:\QLJC>git status
On branch newshell
Changes not staged for commit:
  (use "git add <file>..." to update what will be committed)
  (use "git checkout -- <file>..." to discard changes in working directory)

        modified:   .idea/workspace.xml
        modified:   package.json
        modified:   public/apps/shell/views/templates/shell.html
        modified:   public/bundle.js

Untracked files:
  (use "git add <file>..." to include in what will be committed)

        npm-debug.log

no changes added to commit (use "git add" and/or "git commit -a")

E:\QLJC>git branch
  develope
  master
* newshell

E:\QLJC>grunt build:debug
Running "browserify:debug" (browserify) task
>> Bundle public/bundle.js created.

Done.

E:\QLJC>
